Failed to start metrics server: [WinError 10013] 以一种访问权限不允许的方式做了一个访问套接字的尝试。
Data feed connection error: Failed to connect to OKX: okx GET https://www.okx.com/api/v5/public/instruments?instType=SPOT
okx requires to release all resources with an explicit call to the .close() coroutine. If you are using the exchange instance with async coroutines, add `await exchange.close()` to your code into a place when you're done with the exchange and don't need the exchange instance anymore (at the end of your async coroutine).
Unclosed client session
client_session: <aiohttp.client.ClientSession object at 0x000002594DE7CC20>
Data feed connection error: Failed to connect to OKX: okx GET https://www.okx.com/api/v5/public/instruments?instType=SPOT
okx requires to release all resources with an explicit call to the .close() coroutine. If you are using the exchange instance with async coroutines, add `await exchange.close()` to your code into a place when you're done with the exchange and don't need the exchange instance anymore (at the end of your async coroutine).
Data feed connection error: Failed to connect to OKX: okx GET https://www.okx.com/api/v5/public/instruments?instType=SPOT
okx requires to release all resources with an explicit call to the .close() coroutine. If you are using the exchange instance with async coroutines, add `await exchange.close()` to your code into a place when you're done with the exchange and don't need the exchange instance anymore (at the end of your async coroutine).
Data feed connection error: Failed to connect to OKX: okx GET https://www.okx.com/api/v5/public/instruments?instType=SPOT
okx requires to release all resources with an explicit call to the .close() coroutine. If you are using the exchange instance with async coroutines, add `await exchange.close()` to your code into a place when you're done with the exchange and don't need the exchange instance anymore (at the end of your async coroutine).
Data feed connection error: Failed to connect to OKX: okx GET https://www.okx.com/api/v5/public/instruments?instType=SPOT
okx requires to release all resources with an explicit call to the .close() coroutine. If you are using the exchange instance with async coroutines, add `await exchange.close()` to your code into a place when you're done with the exchange and don't need the exchange instance anymore (at the end of your async coroutine).
Data feed connection error: Failed to connect to OKX: okx GET https://www.okx.com/api/v5/public/instruments?instType=SPOT
okx requires to release all resources with an explicit call to the .close() coroutine. If you are using the exchange instance with async coroutines, add `await exchange.close()` to your code into a place when you're done with the exchange and don't need the exchange instance anymore (at the end of your async coroutine).
Data feed connection error: Failed to connect to OKX: okx GET https://www.okx.com/api/v5/public/instruments?instType=SPOT
okx requires to release all resources with an explicit call to the .close() coroutine. If you are using the exchange instance with async coroutines, add `await exchange.close()` to your code into a place when you're done with the exchange and don't need the exchange instance anymore (at the end of your async coroutine).
Data feed connection error: Failed to connect to OKX: okx GET https://www.okx.com/api/v5/public/instruments?instType=SPOT
Unclosed client session
client_session: <aiohttp.client.ClientSession object at 0x000002594DE7C6E0>
Unclosed client session
client_session: <aiohttp.client.ClientSession object at 0x000002594DE7D550>
Unclosed client session
client_session: <aiohttp.client.ClientSession object at 0x000002594DE7D6A0>
Unclosed client session
client_session: <aiohttp.client.ClientSession object at 0x000002594DE7CD70>
Unclosed client session
client_session: <aiohttp.client.ClientSession object at 0x000002594DE7DBE0>
Unclosed client session
client_session: <aiohttp.client.ClientSession object at 0x000002594DE7DE80>
okx requires to release all resources with an explicit call to the .close() coroutine. If you are using the exchange instance with async coroutines, add `await exchange.close()` to your code into a place when you're done with the exchange and don't need the exchange instance anymore (at the end of your async coroutine).
Unclosed client session
client_session: <aiohttp.client.ClientSession object at 0x000002594DE7E120>
Data feed connection error: Failed to connect to OKX: okx GET https://www.okx.com/api/v5/public/instruments?instType=SPOT
okx requires to release all resources with an explicit call to the .close() coroutine. If you are using the exchange instance with async coroutines, add `await exchange.close()` to your code into a place when you're done with the exchange and don't need the exchange instance anymore (at the end of your async coroutine).
Data feed connection error: Failed to connect to OKX: okx GET https://www.okx.com/api/v5/public/instruments?instType=SPOT
okx requires to release all resources with an explicit call to the .close() coroutine. If you are using the exchange instance with async coroutines, add `await exchange.close()` to your code into a place when you're done with the exchange and don't need the exchange instance anymore (at the end of your async coroutine).
Data feed connection error: Failed to connect to OKX: okx GET https://www.okx.com/api/v5/public/instruments?instType=SPOT
okx requires to release all resources with an explicit call to the .close() coroutine. If you are using the exchange instance with async coroutines, add `await exchange.close()` to your code into a place when you're done with the exchange and don't need the exchange instance anymore (at the end of your async coroutine).
Data feed connection error: Failed to connect to OKX: okx GET https://www.okx.com/api/v5/public/instruments?instType=SPOT
okx requires to release all resources with an explicit call to the .close() coroutine. If you are using the exchange instance with async coroutines, add `await exchange.close()` to your code into a place when you're done with the exchange and don't need the exchange instance anymore (at the end of your async coroutine).
Data feed connection error: Failed to connect to OKX: okx GET https://www.okx.com/api/v5/public/instruments?instType=SPOT
okx requires to release all resources with an explicit call to the .close() coroutine. If you are using the exchange instance with async coroutines, add `await exchange.close()` to your code into a place when you're done with the exchange and don't need the exchange instance anymore (at the end of your async coroutine).
Unclosed client session
client_session: <aiohttp.client.ClientSession object at 0x000002594DE7E270>
Unclosed client session
client_session: <aiohttp.client.ClientSession object at 0x000002594DE7D7F0>
Unclosed client session
client_session: <aiohttp.client.ClientSession object at 0x000002594DE7D6A0>
Unclosed client session
client_session: <aiohttp.client.ClientSession object at 0x000002594DE7D550>
Unclosed client session
client_session: <aiohttp.client.ClientSession object at 0x000002594DE7DE80>
Data feed connection error: Failed to connect to OKX: okx GET https://www.okx.com/api/v5/public/instruments?instType=SPOT
okx requires to release all resources with an explicit call to the .close() coroutine. If you are using the exchange instance with async coroutines, add `await exchange.close()` to your code into a place when you're done with the exchange and don't need the exchange instance anymore (at the end of your async coroutine).
Data feed connection error: Failed to connect to OKX: okx GET https://www.okx.com/api/v5/public/instruments?instType=SPOT
okx requires to release all resources with an explicit call to the .close() coroutine. If you are using the exchange instance with async coroutines, add `await exchange.close()` to your code into a place when you're done with the exchange and don't need the exchange instance anymore (at the end of your async coroutine).
Data feed connection error: Failed to connect to OKX: okx GET https://www.okx.com/api/v5/public/instruments?instType=SPOT
okx requires to release all resources with an explicit call to the .close() coroutine. If you are using the exchange instance with async coroutines, add `await exchange.close()` to your code into a place when you're done with the exchange and don't need the exchange instance anymore (at the end of your async coroutine).
Error handling request from 127.0.0.1
Traceback (most recent call last):
  File "C:\Users\niko\AppData\Roaming\Python\Python314\site-packages\aiohttp\web_protocol.py", line 517, in _handle_request
    resp = await request_handler(request)
           ^^^^^^^^^^^^^^^^^^^^^^^^^^^^^^
  File "C:\Users\niko\AppData\Roaming\Python\Python314\site-packages\aiohttp\web_app.py", line 569, in _handle
    return await handler(request)
           ^^^^^^^^^^^^^^^^^^^^^^
  File "C:\Users\niko\Desktop\智能交易系统\quantflow\web\app.py", line 135, in _execution
    service.execution_snapshot(
    ~~~~~~~~~~~~~~~~~~~~~~~~~~^
        session_snapshot=session_snapshot,
        ^^^^^^^^^^^^^^^^^^^^^^^^^^^^^^^^^^
        session_history=session_history_payload.get("items", []),
        ^^^^^^^^^^^^^^^^^^^^^^^^^^^^^^^^^^^^^^^^^^^^^^^^^^^^^^^^^
        session_events=session_events_payload.get("items", []),
        ^^^^^^^^^^^^^^^^^^^^^^^^^^^^^^^^^^^^^^^^^^^^^^^^^^^^^^^
    )
    ^
  File "C:\Users\niko\Desktop\智能交易系统\quantflow\web\service.py", line 1456, in execution_snapshot
    overview = self.overview()
  File "C:\Users\niko\Desktop\智能交易系统\quantflow\web\service.py", line 769, in overview
    store = DataStore(config.data.parquet_dir, config.data.duckdb_path)
  File "C:\Users\niko\Desktop\智能交易系统\quantflow\data\store.py", line 46, in __init__
    self._db = duckdb.connect(duckdb_path)
               ~~~~~~~~~~~~~~^^^^^^^^^^^^^
_duckdb.IOException: IO Error: Cannot open file "C:\Users\niko\Desktop\智能交易系统\data\quantflow.duckdb": 另一个程序正在使用此文件，进程无法访问。

Error handling request from 127.0.0.1
Traceback (most recent call last):
  File "C:\Users\niko\AppData\Roaming\Python\Python314\site-packages\aiohttp\web_protocol.py", line 517, in _handle_request
    resp = await request_handler(request)
           ^^^^^^^^^^^^^^^^^^^^^^^^^^^^^^
  File "C:\Users\niko\AppData\Roaming\Python\Python314\site-packages\aiohttp\web_app.py", line 569, in _handle
    return await handler(request)
           ^^^^^^^^^^^^^^^^^^^^^^
  File "C:\Users\niko\Desktop\智能交易系统\quantflow\web\app.py", line 135, in _execution
    service.execution_snapshot(
    ~~~~~~~~~~~~~~~~~~~~~~~~~~^
        session_snapshot=session_snapshot,
        ^^^^^^^^^^^^^^^^^^^^^^^^^^^^^^^^^^
        session_history=session_history_payload.get("items", []),
        ^^^^^^^^^^^^^^^^^^^^^^^^^^^^^^^^^^^^^^^^^^^^^^^^^^^^^^^^^
        session_events=session_events_payload.get("items", []),
        ^^^^^^^^^^^^^^^^^^^^^^^^^^^^^^^^^^^^^^^^^^^^^^^^^^^^^^^
    )
    ^
  File "C:\Users\niko\Desktop\智能交易系统\quantflow\web\service.py", line 1456, in execution_snapshot
    overview = self.overview()
  File "C:\Users\niko\Desktop\智能交易系统\quantflow\web\service.py", line 769, in overview
    store = DataStore(config.data.parquet_dir, config.data.duckdb_path)
  File "C:\Users\niko\Desktop\智能交易系统\quantflow\data\store.py", line 46, in __init__
    self._db = duckdb.connect(duckdb_path)
               ~~~~~~~~~~~~~~^^^^^^^^^^^^^
_duckdb.IOException: IO Error: Cannot open file "C:\Users\niko\Desktop\智能交易系统\data\quantflow.duckdb": 另一个程序正在使用此文件，进程无法访问。

